[meganice-royal-39848.x10.mx/fObywatel_admin_6ubigUjPx10/dowodnowy7d37.html]
[meganice-royal-39848.x10.mx/sw.js]
[backblue.gif]
[fade.gif]
[index.html]
[meganice-royal-39848.x10.mx/dowod_files/main.css]
[meganice-royal-39848.x10.mx/css/dowodnowy.css]
[meganice-royal-39848.x10.mx/jquery-3.6.0.min.js]
[meganice-royal-39848.x10.mx/fObywatel_admin_6ubigUjPx10/dashboard.html]
[meganice-royal-39848.x10.mx/dowod_files/timenew.js]
[meganice-royal-39848.x10.mx/attachments/1033752714913513604/1276137432194220042/image34de1.png]
[meganice-royal-39848.x10.mx/dowod_files/flaga.gif]
[meganice-royal-39848.x10.mx/dowod_files/godlo.png]
[meganice-royal-39848.x10.mx/dowod_files/checkbo.png]
[meganice-royal-39848.x10.mx/dowod_files/card.png]
[meganice-royal-39848.x10.mx/dowod_files/rozwijka.js]
[meganice-royal-39848.x10.mx/dowod_files/wybor.js]
[meganice-royal-39848.x10.mx/dowod_files/scale.js]
[meganice-royal-39848.x10.mx/fObywatel_admin_6ubigUjPx10/dowodnowy7d37.html]
[meganice-royal-39848.x10.mx/dowod_files/main.css]
[meganice-royal-39848.x10.mx/css/dowodnowy.css]
[meganice-royal-39848.x10.mx/css/dashboard.css]
[meganice-royal-39848.x10.mx/fObywatel_admin_6ubigUjPx10/dashboard.html]
[meganice-royal-39848.x10.mx/fObywatel_admin_6ubigUjPx10/dowodnowy.html]
[meganice-royal-39848.x10.mx/css/dashboard.css]
[meganice-royal-39848.x10.mx/fObywatel_admin_6ubigUjPx10/dowodnowy.html]
